node : C:\Users\ainen\.vscode\nextseed\node_modules\@prisma\client\run
time\client.js:70
строка:1 знак:1
+ node test-prisma.js > test_output.txt 2>&1
+ ~~~~~~~~~~~~~~~~~~~~~~~~~~~~~~~~~~~~~~~~~~
    + CategoryInfo          : NotSpecified: (C:\Users\ainen\...me\cli 
   ent.js:70:String) [], RemoteException
    + FullyQualifiedErrorId : NativeCommandError
 
${n}`}var hl=require("@prisma/client-runtime-utils");function wl(e){re
turn e.length===0?Promise.resolve([]):new Promise((t,r)=>{let n=new Ar
ray(e.length),i=null,o=!1,s=0,a=()=>{o||(s++,s===e.length&&(o=!0,i?r(i
):t(n)))},l=c=>{o||(o=!0,r(c))};for(let c=0;c<e.length;c++)e[c].then(u
=>{n[c]=u,a()},u=>{if(!(0,hl.hasBatchIndex)(u)){l(u);return}u.batchReq
uestIdx===c?l(u):(i||(i=u),a())})})}var Lt=M("prisma:client");typeof g
lobalThis=="object"&&(globalThis.NODE_CLIENT=!0);var Bd={requestArgsTo
MiddlewareArgs:e=>e,middlewareArgsToRequestArgs:e=>e},Qd=Symbol.for("p
risma.client.transaction.id"),Hd={id:0,nextId(){return++this.id}};func
tion Pl(e){class t{_originalClient=this;_runtimeDataModel;_requestHand
ler;_connectionPromise;_disconnectionPromise;_engineConfig;_accelerate
EngineConfig;_clientVersion;_errorFormat;_tracingHelper;_previewFeatur
es;_activeProvider;_globalOmit;_extensions;_engine;_appliedParent;_cre
atePrismaPromise=ti();constructor(n){if(!n)throw new w.PrismaClientIni
tializationError("`PrismaClient` needs to be constructed with a non-em
pty, valid `PrismaClientOptions`:\n\n```\nnew PrismaClient({\n  ...\n}
)\n```\n\nor\n\n```\nconstructor() {\n  super({ ... });\n}\n```\n     
     ",oi);e=n.__internal?.configOverride?.(e)??e,yl(n,e);let i=new Tl
.EventEmitter().on("error",()=>{});this._extensions=Le.empty(),this._p
reviewFeatures=e.previewFeatures,this._clientVersion=e.clientVersion??
oi,this._activeProvider=e.activeProvider,this._globalOmit=n?.omit,this
._tracingHelper=nl();let o;if(n.adapter){o=n.adapter;let s=e.activePro
vider==="postgresql"||e.activeProvider==="cockroachdb"?"postgres":e.ac
tiveProvider;if(o.provider!==s)throw new w.PrismaClientInitializationE
rror(`The Driver Adapter \`${o.adapterName}\`, based on \`${o.provider
}\`, is not compatible with the provider \`${s}\` specified in the Pri
sma schema.`,this._clientVersion)}try{let s=n??{},l=(s.__internal??{})
.debug===!0;if(l&&M.enable("prisma:client"),s.errorFormat?this._errorF
ormat=s.errorFormat:process.env.NODE_ENV==="production"?this._errorFor
mat="minimal":process.env.NO_COLOR?this._errorFormat="colorless":this.
_errorFormat="colorless",this._runtimeDataModel=e.runtimeDataModel,thi
s._engineConfig={enableDebugLogs:l,logLevel:s.log&&ol(s.log),logQuerie
s:s.log&&!!(typeof s.log=="string"?s.log==="query":s.log.find(c=>typeo
f c=="string"?c==="query":c.level==="query")),compilerWasm:e.compilerW
asm,clientVersion:e.clientVersion,previewFeatures:this._previewFeature
s,activeProvider:e.activeProvider,inlineSchema:e.inlineSchema,tracingH
elper:this._tracingHelper,transactionOptions:{maxWait:s.transactionOpt
ions?.maxWait??2e3,timeout:s.transactionOptions?.timeout??5e3,isolatio
nLevel:s.transactionOptions?.isolationLevel},logEmitter:i,adapter:o,ac
celerateUrl:s.accelerateUrl,sqlCommenters:s.comments},this._accelerate
EngineConfig=Object.create(this._engineConfig),this._accelerateEngineC
onfig.accelerateUtils={resolveDatasourceUrl:()=>{if(s.accelerateUrl)re
turn s.accelerateUrl;throw new w.PrismaClientInitializationError(`\`ac
celerateUrl\` is required when using \`@prisma/extension-accelerate\`:
                                                                      
                                                                      
                                                                      
                                                                      
                                                                      
                                                                      
                                                                      
                                                                      
                                                                      
                                                                      
                                                                      
                                                                      
                                                                      
                                           ^

PrismaClientInitializationError: `PrismaClient` needs to be constructe
d with a non-empty, valid `PrismaClientOptions`:

```
new PrismaClient({
  ...
})
```

or

```
constructor() {
  super({ ... });
}
```
          
    at new t (C:\Users\ainen\.vscode\nextseed\node_modules\@prisma\cli
ent\runtime\client.js:70:960)
    at Object.<anonymous> (C:\Users\ainen\.vscode\nextseed\test-prisma
.js:2:12)
    at Module._compile (node:internal/modules/cjs/loader:1761:14)
    at Object..js (node:internal/modules/cjs/loader:1893:10)
    at Module.load (node:internal/modules/cjs/loader:1481:32)
    at Module._load (node:internal/modules/cjs/loader:1300:12)
    at TracingChannel.traceSync (node:diagnostics_channel:328:14)
    at wrapModuleLoad (node:internal/modules/cjs/loader:245:24)
    at Module.executeUserEntryPoint [as runMain] (node:internal/module
s/run_main:154:5)
    at node:internal/main/run_main_module:33:47 {
  clientVersion: '7.3.0',
  errorCode: undefined,
  retryable: undefined
}

Node.js v24.13.0
